<?xml version="1.0"?>
<root>
 <runs>
  <run id="run1" dim="3">
   <identities>
    <identity name="Alpha"/>
    <identity name="Beta">
     <extrainfo myattr="" species="penguin">
          <foo bar="1"/>
        </extrainfo>
    </identity>
    <identity name="Gamma"/>
   </identities>
   <dms>
   <dm>
    <row>
     <entry>0.000000</entry>
    </row>
    <row>
     <entry>0.299650</entry>
     <entry>0.000000</entry>
    </row>
    <row>
     <entry>0.733169</entry>
     <entry>0.309520</entry>
     <entry>0.000000</entry>
    </row>
   </dm>
   </dms>
  </run>
  <run id="run2" dim="3">
   <identities>
    <identity name="Alpha"/>
    <identity name="Beta"/>
    <identity name="Gamma"/>
   </identities>
   <dms>
   <dm>
    <row>
     <entry>0.000000</entry>
    </row>
    <row>
     <entry>0.299650</entry>
     <entry>0.000000</entry>
    </row>
    <row>
     <entry>0.733169</entry>
     <entry>0.309520</entry>
     <entry>0.000000</entry>
    </row>
   </dm>
   </dms>
  </run>
 </runs>
</root>
